------------------------------------------------------------
Timing Analyzer Summary
------------------------------------------------------------

Type  : Slow 1200mV 85C Model Setup 'CLK'
Slack : -3.893
TNS   : -51.265

Type  : Slow 1200mV 85C Model Setup 'CLKDIV:clock|tmp'
Slack : -0.980
TNS   : -3.773

Type  : Slow 1200mV 85C Model Hold 'CLKDIV:clock|tmp'
Slack : 0.308
TNS   : 0.000

Type  : Slow 1200mV 85C Model Hold 'CLK'
Slack : 0.547
TNS   : 0.000

Type  : Slow 1200mV 85C Model Minimum Pulse Width 'CLK'
Slack : -3.000
TNS   : -43.326

Type  : Slow 1200mV 85C Model Minimum Pulse Width 'CLKDIV:clock|tmp'
Slack : -1.222
TNS   : -6.110

Type  : Slow 1200mV 0C Model Setup 'CLK'
Slack : -3.427
TNS   : -43.399

Type  : Slow 1200mV 0C Model Setup 'CLKDIV:clock|tmp'
Slack : -0.813
TNS   : -3.034

Type  : Slow 1200mV 0C Model Hold 'CLKDIV:clock|tmp'
Slack : 0.279
TNS   : 0.000

Type  : Slow 1200mV 0C Model Hold 'CLK'
Slack : 0.502
TNS   : 0.000

Type  : Slow 1200mV 0C Model Minimum Pulse Width 'CLK'
Slack : -3.000
TNS   : -43.326

Type  : Slow 1200mV 0C Model Minimum Pulse Width 'CLKDIV:clock|tmp'
Slack : -1.222
TNS   : -6.110

Type  : Fast 1200mV 0C Model Setup 'CLK'
Slack : -1.481
TNS   : -9.017

Type  : Fast 1200mV 0C Model Setup 'CLKDIV:clock|tmp'
Slack : 0.072
TNS   : 0.000

Type  : Fast 1200mV 0C Model Hold 'CLKDIV:clock|tmp'
Slack : 0.140
TNS   : 0.000

Type  : Fast 1200mV 0C Model Hold 'CLK'
Slack : 0.246
TNS   : 0.000

Type  : Fast 1200mV 0C Model Minimum Pulse Width 'CLK'
Slack : -3.000
TNS   : -37.196

Type  : Fast 1200mV 0C Model Minimum Pulse Width 'CLKDIV:clock|tmp'
Slack : -1.000
TNS   : -5.000

------------------------------------------------------------
